  BloodDonation.cpp
C:\Users\khusr\OneDrive\Desktop\bloodonationsystem\bloodonationsystem\BloodDonation.cpp(15,17): warning C4566: character represented by universal-character-name '\u2717' cannot be represented in the current code page (1252)
C:\Users\khusr\OneDrive\Desktop\bloodonationsystem\bloodonationsystem\BloodDonation.cpp(21,21): warning C4566: character represented by universal-character-name '\u2717' cannot be represented in the current code page (1252)
C:\Users\khusr\OneDrive\Desktop\bloodonationsystem\bloodonationsystem\BloodDonation.cpp(30,17): warning C4566: character represented by universal-character-name '\u2717' cannot be represented in the current code page (1252)
C:\Users\khusr\OneDrive\Desktop\bloodonationsystem\bloodonationsystem\BloodDonation.cpp(41,13): warning C4566: character represented by universal-character-name '\u2717' cannot be represented in the current code page (1252)
C:\Users\khusr\OneDrive\Desktop\bloodonationsystem\bloodonationsystem\BloodDonation.cpp(47,17): warning C4566: character represented by universal-character-name '\u2717' cannot be represented in the current code page (1252)
C:\Users\khusr\OneDrive\Desktop\bloodonationsystem\bloodonationsystem\BloodDonation.cpp(53,21): warning C4566: character represented by universal-character-name '\u2717' cannot be represented in the current code page (1252)
C:\Users\khusr\OneDrive\Desktop\bloodonationsystem\bloodonationsystem\BloodDonation.cpp(63,17): warning C4566: character represented by universal-character-name '\u2717' cannot be represented in the current code page (1252)
C:\Users\khusr\OneDrive\Desktop\bloodonationsystem\bloodonationsystem\BloodDonation.cpp(68,17): warning C4566: character represented by universal-character-name '\u2717' cannot be represented in the current code page (1252)
C:\Users\khusr\OneDrive\Desktop\bloodonationsystem\bloodonationsystem\BloodDonation.cpp(75,25): warning C4566: character represented by universal-character-name '\u2717' cannot be represented in the current code page (1252)
C:\Users\khusr\OneDrive\Desktop\bloodonationsystem\bloodonationsystem\BloodDonation.cpp(85,17): warning C4566: character represented by universal-character-name '\u2717' cannot be represented in the current code page (1252)
C:\Users\khusr\OneDrive\Desktop\bloodonationsystem\bloodonationsystem\BloodDonation.cpp(121,13): warning C4566: character represented by universal-character-name '\u2713' cannot be represented in the current code page (1252)
C:\Users\khusr\OneDrive\Desktop\bloodonationsystem\bloodonationsystem\BloodDonation.cpp(128,17): warning C4566: character represented by universal-character-name '\u2717' cannot be represented in the current code page (1252)
C:\Users\khusr\OneDrive\Desktop\bloodonationsystem\bloodonationsystem\BloodDonation.cpp(136,17): warning C4566: character represented by universal-character-name '\u2713' cannot be represented in the current code page (1252)
C:\Users\khusr\OneDrive\Desktop\bloodonationsystem\bloodonationsystem\BloodDonation.cpp(146,17): warning C4566: character represented by universal-character-name '\u2717' cannot be represented in the current code page (1252)
C:\Users\khusr\OneDrive\Desktop\bloodonationsystem\bloodonationsystem\BloodDonation.cpp(152,17): warning C4566: character represented by universal-character-name '\u2713' cannot be represented in the current code page (1252)
C:\Users\khusr\OneDrive\Desktop\bloodonationsystem\bloodonationsystem\BloodDonation.cpp(196,17): warning C4566: character represented by universal-character-name '\u2717' cannot be represented in the current code page (1252)
C:\Users\khusr\OneDrive\Desktop\bloodonationsystem\bloodonationsystem\BloodDonation.cpp(257,13): warning C4566: character represented by universal-character-name '\u2713' cannot be represented in the current code page (1252)
C:\Users\khusr\OneDrive\Desktop\bloodonationsystem\bloodonationsystem\BloodDonation.cpp(263,17): warning C4566: character represented by universal-character-name '\u2717' cannot be represented in the current code page (1252)
C:\Users\khusr\OneDrive\Desktop\bloodonationsystem\bloodonationsystem\BloodDonation.cpp(275,13): warning C4566: character represented by universal-character-name '\u2713' cannot be represented in the current code page (1252)
C:\Users\khusr\OneDrive\Desktop\bloodonationsystem\bloodonationsystem\BloodDonation.cpp(324,17): warning C4566: character represented by universal-character-name '\u2717' cannot be represented in the current code page (1252)
C:\Users\khusr\OneDrive\Desktop\bloodonationsystem\bloodonationsystem\BloodDonation.cpp(342,13): warning C4566: character represented by universal-character-name '\u2713' cannot be represented in the current code page (1252)
C:\Users\khusr\OneDrive\Desktop\bloodonationsystem\bloodonationsystem\BloodDonation.cpp(347,17): warning C4566: character represented by universal-character-name '\u2717' cannot be represented in the current code page (1252)
C:\Users\khusr\OneDrive\Desktop\bloodonationsystem\bloodonationsystem\BloodDonation.cpp(352,13): warning C4566: character represented by universal-character-name '\u2713' cannot be represented in the current code page (1252)
C:\Users\khusr\OneDrive\Desktop\bloodonationsystem\bloodonationsystem\BloodDonation.cpp(364,17): warning C4566: character represented by universal-character-name '\u2717' cannot be represented in the current code page (1252)
C:\Users\khusr\OneDrive\Desktop\bloodonationsystem\bloodonationsystem\BloodDonation.cpp(450,13): warning C4566: character represented by universal-character-name '\u2713' cannot be represented in the current code page (1252)
C:\Users\khusr\OneDrive\Desktop\bloodonationsystem\bloodonationsystem\BloodDonation.cpp(455,17): warning C4566: character represented by universal-character-name '\u2717' cannot be represented in the current code page (1252)
C:\Users\khusr\OneDrive\Desktop\bloodonationsystem\bloodonationsystem\BloodDonation.cpp(460,13): warning C4566: character represented by universal-character-name '\u2713' cannot be represented in the current code page (1252)
C:\Users\khusr\OneDrive\Desktop\bloodonationsystem\bloodonationsystem\BloodDonation.cpp(468,17): warning C4566: character represented by universal-character-name '\u2717' cannot be represented in the current code page (1252)
C:\Users\khusr\OneDrive\Desktop\bloodonationsystem\bloodonationsystem\BloodDonation.cpp(558,17): warning C4566: character represented by universal-character-name '\u2717' cannot be represented in the current code page (1252)
C:\Users\khusr\OneDrive\Desktop\bloodonationsystem\bloodonationsystem\BloodDonation.cpp(572,21): warning C4566: character represented by universal-character-name '\u26A0' cannot be represented in the current code page (1252)
C:\Users\khusr\OneDrive\Desktop\bloodonationsystem\bloodonationsystem\BloodDonation.cpp(575,21): warning C4566: character represented by universal-character-name '\u2713' cannot be represented in the current code page (1252)
C:\Users\khusr\OneDrive\Desktop\bloodonationsystem\bloodonationsystem\BloodDonation.cpp(579,17): warning C4566: character represented by universal-character-name '\u2717' cannot be represented in the current code page (1252)
C:\Users\khusr\OneDrive\Desktop\bloodonationsystem\bloodonationsystem\BloodDonation.cpp(604,17): warning C4566: character represented by universal-character-name '\u2717' cannot be represented in the current code page (1252)
C:\Users\khusr\OneDrive\Desktop\bloodonationsystem\bloodonationsystem\BloodDonation.cpp(618,17): warning C4566: character represented by universal-character-name '\u2717' cannot be represented in the current code page (1252)
C:\Users\khusr\OneDrive\Desktop\bloodonationsystem\bloodonationsystem\BloodDonation.cpp(660,17): warning C4566: character represented by universal-character-name '\u2717' cannot be represented in the current code page (1252)
C:\Users\khusr\OneDrive\Desktop\bloodonationsystem\bloodonationsystem\BloodDonation.cpp(667,17): warning C4566: character represented by universal-character-name '\u2713' cannot be represented in the current code page (1252)
C:\Users\khusr\OneDrive\Desktop\bloodonationsystem\bloodonationsystem\BloodDonation.cpp(670,17): warning C4566: character represented by universal-character-name '\u2717' cannot be represented in the current code page (1252)
C:\Users\khusr\OneDrive\Desktop\bloodonationsystem\bloodonationsystem\BloodDonation.cpp(676,17): warning C4566: character represented by universal-character-name '\u2717' cannot be represented in the current code page (1252)
C:\Users\khusr\OneDrive\Desktop\bloodonationsystem\bloodonationsystem\BloodDonation.cpp(681,17): warning C4566: character represented by universal-character-name '\u2717' cannot be represented in the current code page (1252)
C:\Users\khusr\OneDrive\Desktop\bloodonationsystem\bloodonationsystem\BloodDonation.cpp(687,13): warning C4566: character represented by universal-character-name '\u2713' cannot be represented in the current code page (1252)
C:\Users\khusr\OneDrive\Desktop\bloodonationsystem\bloodonationsystem\BloodDonation.cpp(710,17): warning C4566: character represented by universal-character-name '\u2717' cannot be represented in the current code page (1252)
C:\Users\khusr\OneDrive\Desktop\bloodonationsystem\bloodonationsystem\BloodDonation.cpp(727,17): warning C4566: character represented by universal-character-name '\u2713' cannot be represented in the current code page (1252)
C:\Users\khusr\OneDrive\Desktop\bloodonationsystem\bloodonationsystem\BloodDonation.cpp(731,17): warning C4566: character represented by universal-character-name '\u2717' cannot be represented in the current code page (1252)
C:\Users\khusr\OneDrive\Desktop\bloodonationsystem\bloodonationsystem\BloodDonation.cpp(775,17): warning C4566: character represented by universal-character-name '\u2554' cannot be represented in the current code page (1252)
C:\Users\khusr\OneDrive\Desktop\bloodonationsystem\bloodonationsystem\BloodDonation.cpp(775,17): warning C4566: character represented by universal-character-name '\u2550' cannot be represented in the current code page (1252)
C:\Users\khusr\OneDrive\Desktop\bloodonationsystem\bloodonationsystem\BloodDonation.cpp(775,17): warning C4566: character represented by universal-character-name '\u2557' cannot be represented in the current code page (1252)
C:\Users\khusr\OneDrive\Desktop\bloodonationsystem\bloodonationsystem\BloodDonation.cpp(776,17): warning C4566: character represented by universal-character-name '\u2551' cannot be represented in the current code page (1252)
C:\Users\khusr\OneDrive\Desktop\bloodonationsystem\bloodonationsystem\BloodDonation.cpp(777,17): warning C4566: character represented by universal-character-name '\u2560' cannot be represented in the current code page (1252)
C:\Users\khusr\OneDrive\Desktop\bloodonationsystem\bloodonationsystem\BloodDonation.cpp(777,17): warning C4566: character represented by universal-character-name '\u2550' cannot be represented in the current code page (1252)
C:\Users\khusr\OneDrive\Desktop\bloodonationsystem\bloodonationsystem\BloodDonation.cpp(777,17): warning C4566: character represented by universal-character-name '\u2563' cannot be represented in the current code page (1252)
C:\Users\khusr\OneDrive\Desktop\bloodonationsystem\bloodonationsystem\BloodDonation.cpp(778,17): warning C4566: character represented by universal-character-name '\u2551' cannot be represented in the current code page (1252)
C:\Users\khusr\OneDrive\Desktop\bloodonationsystem\bloodonationsystem\BloodDonation.cpp(779,17): warning C4566: character represented by universal-character-name '\u2551' cannot be represented in the current code page (1252)
C:\Users\khusr\OneDrive\Desktop\bloodonationsystem\bloodonationsystem\BloodDonation.cpp(780,17): warning C4566: character represented by universal-character-name '\u2551' cannot be represented in the current code page (1252)
C:\Users\khusr\OneDrive\Desktop\bloodonationsystem\bloodonationsystem\BloodDonation.cpp(781,17): warning C4566: character represented by universal-character-name '\u2551' cannot be represented in the current code page (1252)
C:\Users\khusr\OneDrive\Desktop\bloodonationsystem\bloodonationsystem\BloodDonation.cpp(782,17): warning C4566: character represented by universal-character-name '\u2551' cannot be represented in the current code page (1252)
C:\Users\khusr\OneDrive\Desktop\bloodonationsystem\bloodonationsystem\BloodDonation.cpp(783,17): warning C4566: character represented by universal-character-name '\u2551' cannot be represented in the current code page (1252)
C:\Users\khusr\OneDrive\Desktop\bloodonationsystem\bloodonationsystem\BloodDonation.cpp(784,17): warning C4566: character represented by universal-character-name '\u2551' cannot be represented in the current code page (1252)
C:\Users\khusr\OneDrive\Desktop\bloodonationsystem\bloodonationsystem\BloodDonation.cpp(785,17): warning C4566: character represented by universal-character-name '\u255A' cannot be represented in the current code page (1252)
C:\Users\khusr\OneDrive\Desktop\bloodonationsystem\bloodonationsystem\BloodDonation.cpp(785,17): warning C4566: character represented by universal-character-name '\u2550' cannot be represented in the current code page (1252)
C:\Users\khusr\OneDrive\Desktop\bloodonationsystem\bloodonationsystem\BloodDonation.cpp(785,17): warning C4566: character represented by universal-character-name '\u255D' cannot be represented in the current code page (1252)
C:\Users\khusr\OneDrive\Desktop\bloodonationsystem\bloodonationsystem\BloodDonation.cpp(791,21): warning C4566: character represented by universal-character-name '\u2717' cannot be represented in the current code page (1252)
C:\Users\khusr\OneDrive\Desktop\bloodonationsystem\bloodonationsystem\BloodDonation.cpp(806,25): warning C4566: character represented by universal-character-name '\u2717' cannot be represented in the current code page (1252)
C:\Users\khusr\OneDrive\Desktop\bloodonationsystem\bloodonationsystem\BloodDonation.cpp(825,29): warning C4566: character represented by universal-character-name '\u2713' cannot be represented in the current code page (1252)
C:\Users\khusr\OneDrive\Desktop\bloodonationsystem\bloodonationsystem\BloodDonation.cpp(834,29): warning C4566: character represented by universal-character-name '\u2717' cannot be represented in the current code page (1252)
C:\Users\khusr\OneDrive\Desktop\bloodonationsystem\bloodonationsystem\BloodDonation.cpp(851,21): warning C4566: character represented by universal-character-name '\u2717' cannot be represented in the current code page (1252)
C:\Users\khusr\OneDrive\Desktop\bloodonationsystem\bloodonationsystem\BloodDonation.cpp(859,17): warning C4566: character represented by universal-character-name '\u2554' cannot be represented in the current code page (1252)
C:\Users\khusr\OneDrive\Desktop\bloodonationsystem\bloodonationsystem\BloodDonation.cpp(859,17): warning C4566: character represented by universal-character-name '\u2550' cannot be represented in the current code page (1252)
C:\Users\khusr\OneDrive\Desktop\bloodonationsystem\bloodonationsystem\BloodDonation.cpp(859,17): warning C4566: character represented by universal-character-name '\u2557' cannot be represented in the current code page (1252)
C:\Users\khusr\OneDrive\Desktop\bloodonationsystem\bloodonationsystem\BloodDonation.cpp(860,17): warning C4566: character represented by universal-character-name '\u2551' cannot be represented in the current code page (1252)
C:\Users\khusr\OneDrive\Desktop\bloodonationsystem\bloodonationsystem\BloodDonation.cpp(861,17): warning C4566: character represented by universal-character-name '\u2560' cannot be represented in the current code page (1252)
C:\Users\khusr\OneDrive\Desktop\bloodonationsystem\bloodonationsystem\BloodDonation.cpp(861,17): warning C4566: character represented by universal-character-name '\u2550' cannot be represented in the current code page (1252)
C:\Users\khusr\OneDrive\Desktop\bloodonationsystem\bloodonationsystem\BloodDonation.cpp(861,17): warning C4566: character represented by universal-character-name '\u2563' cannot be represented in the current code page (1252)
C:\Users\khusr\OneDrive\Desktop\bloodonationsystem\bloodonationsystem\BloodDonation.cpp(862,17): warning C4566: character represented by universal-character-name '\u2551' cannot be represented in the current code page (1252)
C:\Users\khusr\OneDrive\Desktop\bloodonationsystem\bloodonationsystem\BloodDonation.cpp(863,17): warning C4566: character represented by universal-character-name '\u2551' cannot be represented in the current code page (1252)
C:\Users\khusr\OneDrive\Desktop\bloodonationsystem\bloodonationsystem\BloodDonation.cpp(864,17): warning C4566: character represented by universal-character-name '\u2551' cannot be represented in the current code page (1252)
C:\Users\khusr\OneDrive\Desktop\bloodonationsystem\bloodonationsystem\BloodDonation.cpp(865,17): warning C4566: character represented by universal-character-name '\u2551' cannot be represented in the current code page (1252)
C:\Users\khusr\OneDrive\Desktop\bloodonationsystem\bloodonationsystem\BloodDonation.cpp(866,17): warning C4566: character represented by universal-character-name '\u2551' cannot be represented in the current code page (1252)
C:\Users\khusr\OneDrive\Desktop\bloodonationsystem\bloodonationsystem\BloodDonation.cpp(867,17): warning C4566: character represented by universal-character-name '\u2551' cannot be represented in the current code page (1252)
C:\Users\khusr\OneDrive\Desktop\bloodonationsystem\bloodonationsystem\BloodDonation.cpp(868,17): warning C4566: character represented by universal-character-name '\u255A' cannot be represented in the current code page (1252)
C:\Users\khusr\OneDrive\Desktop\bloodonationsystem\bloodonationsystem\BloodDonation.cpp(868,17): warning C4566: character represented by universal-character-name '\u2550' cannot be represented in the current code page (1252)
C:\Users\khusr\OneDrive\Desktop\bloodonationsystem\bloodonationsystem\BloodDonation.cpp(868,17): warning C4566: character represented by universal-character-name '\u255D' cannot be represented in the current code page (1252)
C:\Users\khusr\OneDrive\Desktop\bloodonationsystem\bloodonationsystem\BloodDonation.cpp(858,8): error C1075: '{': no matching token found
